2026-02-12 17:38:11 - medicouncil - INFO - prepare_data.py:164 - === Data Preparation Pipeline ===

2026-02-12 17:38:11 - medicouncil - INFO - prepare_data.py:13 - Loading raw data...
2026-02-12 17:38:11 - medicouncil - WARNING - prepare_data.py:20 - Raw data not found. Creating sample data...
2026-02-12 17:38:11 - medicouncil - INFO - prepare_data.py:29 - Generating sample data...
2026-02-12 17:38:11 - medicouncil - INFO - prepare_data.py:105 - Sample data created: 160 records
2026-02-12 17:38:11 - medicouncil - INFO - prepare_data.py:24 - Loaded 160 records
2026-02-12 17:38:11 - medicouncil - INFO - prepare_data.py:110 - Preprocessing data...
2026-02-12 17:38:11 - medicouncil - INFO - prepare_data.py:122 - After preprocessing: 8 records
2026-02-12 17:38:11 - medicouncil - INFO - prepare_data.py:127 - Splitting data...
2026-02-12 17:38:14 - medicouncil - INFO - train_ml_models.py:78 - === ML Model Training Pipeline ===

2026-02-12 17:38:14 - medicouncil - INFO - train_ml_models.py:14 - Loading training data...
2026-02-12 17:38:14 - medicouncil - ERROR - train_ml_models.py:18 - Training data not found. Run prepare_data.py first.
2026-02-12 17:38:17 - medicouncil - INFO - test_inference.py:64 - === Testing Inference Pipeline ===

2026-02-12 17:38:17 - medicouncil - INFO - test_inference.py:17 - Loading models...
2026-02-12 17:38:22 - medicouncil - INFO - main.py:48 - Loading models...
2026-02-12 17:38:22 - medicouncil - ERROR - main.py:71 - Failed to load models: [Errno 2] No such file or directory: 'C:\\Users\\bhava\\Desktop\\LAB\\MINOR PROJECT\\medicouncil\\models\\feature_builder.pkl'
2026-02-12 18:10:50 - medicouncil - INFO - train_ml_models.py:78 - === ML Model Training Pipeline ===

2026-02-12 18:10:50 - medicouncil - INFO - train_ml_models.py:14 - Loading training data...
2026-02-12 18:10:50 - medicouncil - ERROR - train_ml_models.py:18 - Training data not found. Run prepare_data.py first.
2026-02-12 18:10:53 - medicouncil - INFO - test_inference.py:64 - === Testing Inference Pipeline ===

2026-02-12 18:10:53 - medicouncil - INFO - test_inference.py:17 - Loading models...
2026-02-12 18:11:01 - medicouncil - INFO - main.py:48 - Loading models...
2026-02-12 18:11:01 - medicouncil - ERROR - main.py:71 - Failed to load models: [Errno 2] No such file or directory: 'C:\\Users\\bhava\\Desktop\\LAB\\MINOR PROJECT\\medicouncil\\models\\feature_builder.pkl'
